2020-09-14T17:19:08.591+0800	info	zap-demo/main.go:32	sugar test for log rotate...
2020-09-14T17:19:08.591+0800	info	zap-demo/main.go:31	test for log rotate...
2020-09-14T17:19:08.591+0800	info	zap-demo/main.go:32	sugar test for log rotate...
2020-09-14T17:19:08.591+0800	info	zap-demo/main.go:31	test for log rotate...
2020-09-14T17:19:08.591+0800	info	zap-demo/main.go:32	sugar test for log rotate...
2020-09-14T17:19:08.591+0800	info	zap-demo/main.go:31	test for log rotate...
2020-09-14T17:19:08.591+0800	info	zap-demo/main.go:32	sugar test for log rotate...
2020-09-14T17:19:08.591+0800	info	zap-demo/main.go:31	test for log rotate...
2020-09-14T17:19:08.591+0800	info	zap-demo/main.go:32	sugar test for log rotate...
2020-09-14T17:19:08.591+0800	info	zap-demo/main.go:31	test for log rotate...
2020-09-14T17:19:08.591+0800	info	zap-demo/main.go:32	sugar test for log rotate...
2020-09-14T17:19:08.591+0800	info	zap-demo/main.go:31	test for log rotate...
2020-09-14T17:19:08.591+0800	info	zap-demo/main.go:32	sugar test for log rotate...
2020-09-14T17:19:08.591+0800	info	zap-demo/main.go:31	test for log rotate...
2020-09-14T17:19:08.591+0800	info	zap-demo/main.go:32	sugar test for log rotate...
2020-09-14T17:19:08.591+0800	info	zap-demo/main.go:31	test for log rotate...
2020-09-14T17:19:08.591+0800	info	zap-demo/main.go:32	sugar test for log rotate...
2020-09-14T17:19:08.591+0800	info	zap-demo/main.go:31	test for log rotate...
2020-09-14T17:19:08.591+0800	info	zap-demo/main.go:32	sugar test for log rotate...
2020-09-14T17:19:08.591+0800	info	zap-demo/main.go:31	test for log rotate...
2020-09-14T17:19:08.591+0800	info	zap-demo/main.go:32	sugar test for log rotate...
2020-09-14T17:19:08.591+0800	info	zap-demo/main.go:31	test for log rotate...
2020-09-14T17:19:08.591+0800	info	zap-demo/main.go:32	sugar test for log rotate...
2020-09-14T17:19:08.591+0800	info	zap-demo/main.go:31	test for log rotate...
2020-09-14T17:19:08.591+0800	info	zap-demo/main.go:32	sugar test for log rotate...
2020-09-14T17:19:08.591+0800	info	zap-demo/main.go:31	test for log rotate...
2020-09-14T17:19:08.591+0800	info	zap-demo/main.go:32	sugar test for log rotate...
2020-09-14T17:19:08.591+0800	info	zap-demo/main.go:31	test for log rotate...
2020-09-14T17:19:08.591+0800	info	zap-demo/main.go:32	sugar test for log rotate...
2020-09-14T17:19:08.591+0800	info	zap-demo/main.go:31	test for log rotate...
2020-09-14T17:19:08.592+0800	info	zap-demo/main.go:32	sugar test for log rotate...
2020-09-14T17:19:08.592+0800	info	zap-demo/main.go:31	test for log rotate...
2020-09-14T17:19:08.592+0800	info	zap-demo/main.go:32	sugar test for log rotate...
2020-09-14T17:19:08.592+0800	info	zap-demo/main.go:31	test for log rotate...
2020-09-14T17:19:08.592+0800	info	zap-demo/main.go:32	sugar test for log rotate...
2020-09-14T17:19:08.592+0800	info	zap-demo/main.go:31	test for log rotate...
2020-09-14T17:19:08.592+0800	info	zap-demo/main.go:32	sugar test for log rotate...
2020-09-14T17:19:08.592+0800	info	zap-demo/main.go:31	test for log rotate...
2020-09-14T17:19:08.592+0800	info	zap-demo/main.go:32	sugar test for log rotate...
2020-09-14T17:19:08.592+0800	info	zap-demo/main.go:31	test for log rotate...
2020-09-14T17:19:08.592+0800	info	zap-demo/main.go:32	sugar test for log rotate...
2020-09-14T17:19:08.592+0800	info	zap-demo/main.go:31	test for log rotate...
2020-09-14T17:19:08.592+0800	info	zap-demo/main.go:32	sugar test for log rotate...
2020-09-14T17:19:08.592+0800	info	zap-demo/main.go:31	test for log rotate...
2020-09-14T17:19:08.592+0800	info	zap-demo/main.go:32	sugar test for log rotate...
2020-09-14T17:19:08.592+0800	info	zap-demo/main.go:31	test for log rotate...
2020-09-14T17:19:08.592+0800	info	zap-demo/main.go:32	sugar test for log rotate...
2020-09-14T17:19:08.592+0800	info	zap-demo/main.go:31	test for log rotate...
2020-09-14T17:19:08.592+0800	info	zap-demo/main.go:32	sugar test for log rotate...
2020-09-14T17:19:08.592+0800	info	zap-demo/main.go:31	test for log rotate...
2020-09-14T17:19:08.592+0800	info	zap-demo/main.go:32	sugar test for log rotate...
2020-09-14T17:19:08.592+0800	info	zap-demo/main.go:31	test for log rotate...
2020-09-14T17:19:08.592+0800	info	zap-demo/main.go:32	sugar test for log rotate...
2020-09-14T17:19:08.592+0800	info	zap-demo/main.go:31	test for log rotate...
2020-09-14T17:19:08.592+0800	info	zap-demo/main.go:32	sugar test for log rotate...
2020-09-14T17:19:08.592+0800	info	zap-demo/main.go:31	test for log rotate...
2020-09-14T17:19:08.592+0800	info	zap-demo/main.go:32	sugar test for log rotate...
2020-09-14T17:19:08.592+0800	info	zap-demo/main.go:31	test for log rotate...
2020-09-14T17:19:08.592+0800	info	zap-demo/main.go:32	sugar test for log rotate...
2020-09-14T17:19:08.592+0800	info	zap-demo/main.go:31	test for log rotate...
2020-09-14T17:19:08.592+0800	info	zap-demo/main.go:32	sugar test for log rotate...
2020-09-14T17:19:08.592+0800	info	zap-demo/main.go:31	test for log rotate...
2020-09-14T17:19:08.592+0800	info	zap-demo/main.go:32	sugar test for log rotate...
2020-09-14T17:19:08.592+0800	info	zap-demo/main.go:31	test for log rotate...
2020-09-14T17:19:08.592+0800	info	zap-demo/main.go:32	sugar test for log rotate...
2020-09-14T17:19:08.592+0800	info	zap-demo/main.go:31	test for log rotate...
2020-09-14T17:19:08.592+0800	info	zap-demo/main.go:32	sugar test for log rotate...
2020-09-14T17:19:08.592+0800	info	zap-demo/main.go:31	test for log rotate...
2020-09-14T17:19:08.592+0800	info	zap-demo/main.go:32	sugar test for log rotate...
2020-09-14T17:19:08.592+0800	info	zap-demo/main.go:31	test for log rotate...
2020-09-14T17:19:08.592+0800	info	zap-demo/main.go:32	sugar test for log rotate...
2020-09-14T17:19:08.592+0800	info	zap-demo/main.go:31	test for log rotate...
2020-09-14T17:19:08.592+0800	info	zap-demo/main.go:32	sugar test for log rotate...
2020-09-14T17:19:08.592+0800	info	zap-demo/main.go:31	test for log rotate...
2020-09-14T17:19:08.592+0800	info	zap-demo/main.go:32	sugar test for log rotate...
2020-09-14T17:19:08.592+0800	info	zap-demo/main.go:31	test for log rotate...
2020-09-14T17:19:08.592+0800	info	zap-demo/main.go:32	sugar test for log rotate...
2020-09-14T17:19:08.592+0800	info	zap-demo/main.go:31	test for log rotate...
2020-09-14T17:19:08.592+0800	info	zap-demo/main.go:32	sugar test for log rotate...
2020-09-14T17:19:08.592+0800	info	zap-demo/main.go:31	test for log rotate...
2020-09-14T17:19:08.592+0800	info	zap-demo/main.go:32	sugar test for log rotate...
2020-09-14T17:19:08.592+0800	info	zap-demo/main.go:31	test for log rotate...
2020-09-14T17:19:08.592+0800	info	zap-demo/main.go:32	sugar test for log rotate...
2020-09-14T17:19:08.592+0800	info	zap-demo/main.go:31	test for log rotate...
2020-09-14T17:19:08.592+0800	info	zap-demo/main.go:32	sugar test for log rotate...
2020-09-14T17:19:08.592+0800	info	zap-demo/main.go:31	test for log rotate...
2020-09-14T17:19:08.592+0800	info	zap-demo/main.go:32	sugar test for log rotate...
2020-09-14T17:19:08.592+0800	info	zap-demo/main.go:31	test for log rotate...
2020-09-14T17:19:08.592+0800	info	zap-demo/main.go:32	sugar test for log rotate...
2020-09-14T17:19:08.592+0800	info	zap-demo/main.go:31	test for log rotate...
2020-09-14T17:19:08.592+0800	info	zap-demo/main.go:32	sugar test for log rotate...
2020-09-14T17:19:08.592+0800	info	zap-demo/main.go:31	test for log rotate...
2020-09-14T17:19:08.592+0800	info	zap-demo/main.go:32	sugar test for log rotate...
2020-09-14T17:19:08.592+0800	info	zap-demo/main.go:31	test for log rotate...
2020-09-14T17:19:08.592+0800	info	zap-demo/main.go:32	sugar test for log rotate...
2020-09-14T17:19:08.592+0800	info	zap-demo/main.go:31	test for log rotate...
2020-09-14T17:19:08.592+0800	info	zap-demo/main.go:32	sugar test for log rotate...
2020-09-14T17:19:08.592+0800	info	zap-demo/main.go:31	test for log rotate...
2020-09-14T17:19:08.592+0800	info	zap-demo/main.go:32	sugar test for log rotate...
2020-09-14T17:19:08.592+0800	info	zap-demo/main.go:31	test for log rotate...
2020-09-14T17:19:08.592+0800	info	zap-demo/main.go:32	sugar test for log rotate...
2020-09-14T17:19:08.592+0800	info	zap-demo/main.go:31	test for log rotate...
2020-09-14T17:19:08.592+0800	info	zap-demo/main.go:32	sugar test for log rotate...
2020-09-14T17:19:08.592+0800	info	zap-demo/main.go:31	test for log rotate...
2020-09-14T17:19:08.592+0800	info	zap-demo/main.go:32	sugar test for log rotate...
2020-09-14T17:19:08.592+0800	info	zap-demo/main.go:31	test for log rotate...
2020-09-14T17:19:08.592+0800	info	zap-demo/main.go:32	sugar test for log rotate...
2020-09-14T17:19:08.592+0800	info	zap-demo/main.go:31	test for log rotate...
2020-09-14T17:19:08.592+0800	info	zap-demo/main.go:32	sugar test for log rotate...
2020-09-14T17:19:08.592+0800	info	zap-demo/main.go:31	test for log rotate...
2020-09-14T17:19:08.592+0800	info	zap-demo/main.go:32	sugar test for log rotate...
2020-09-14T17:19:08.592+0800	info	zap-demo/main.go:31	test for log rotate...
2020-09-14T17:19:08.592+0800	info	zap-demo/main.go:32	sugar test for log rotate...
2020-09-14T17:19:08.592+0800	info	zap-demo/main.go:31	test for log rotate...
2020-09-14T17:19:08.592+0800	info	zap-demo/main.go:32	sugar test for log rotate...
2020-09-14T17:19:08.592+0800	info	zap-demo/main.go:31	test for log rotate...
2020-09-14T17:19:08.592+0800	info	zap-demo/main.go:32	sugar test for log rotate...
2020-09-14T17:19:08.592+0800	info	zap-demo/main.go:31	test for log rotate...
2020-09-14T17:19:08.592+0800	info	zap-demo/main.go:32	sugar test for log rotate...
2020-09-14T17:19:08.592+0800	info	zap-demo/main.go:31	test for log rotate...
2020-09-14T17:19:08.592+0800	info	zap-demo/main.go:32	sugar test for log rotate...
2020-09-14T17:19:08.592+0800	info	zap-demo/main.go:31	test for log rotate...
2020-09-14T17:19:08.592+0800	info	zap-demo/main.go:32	sugar test for log rotate...
2020-09-14T17:19:08.592+0800	info	zap-demo/main.go:31	test for log rotate...
2020-09-14T17:19:08.592+0800	info	zap-demo/main.go:32	sugar test for log rotate...
2020-09-14T17:19:08.592+0800	info	zap-demo/main.go:31	test for log rotate...
2020-09-14T17:19:08.592+0800	info	zap-demo/main.go:32	sugar test for log rotate...
2020-09-14T17:19:08.592+0800	info	zap-demo/main.go:31	test for log rotate...
2020-09-14T17:19:08.592+0800	info	zap-demo/main.go:32	sugar test for log rotate...
2020-09-14T17:19:08.592+0800	info	zap-demo/main.go:31	test for log rotate...
2020-09-14T17:19:08.592+0800	info	zap-demo/main.go:32	sugar test for log rotate...
2020-09-14T17:19:08.592+0800	info	zap-demo/main.go:31	test for log rotate...
2020-09-14T17:19:08.592+0800	info	zap-demo/main.go:32	sugar test for log rotate...
2020-09-14T17:19:08.592+0800	info	zap-demo/main.go:31	test for log rotate...
2020-09-14T17:19:08.592+0800	info	zap-demo/main.go:32	sugar test for log rotate...
2020-09-14T17:19:08.592+0800	info	zap-demo/main.go:31	test for log rotate...
2020-09-14T17:19:08.592+0800	info	zap-demo/main.go:32	sugar test for log rotate...
2020-09-14T17:19:08.592+0800	info	zap-demo/main.go:31	test for log rotate...
2020-09-14T17:19:08.592+0800	info	zap-demo/main.go:32	sugar test for log rotate...
2020-09-14T17:19:08.592+0800	info	zap-demo/main.go:31	test for log rotate...
2020-09-14T17:19:08.592+0800	info	zap-demo/main.go:32	sugar test for log rotate...
2020-09-14T17:19:08.592+0800	info	zap-demo/main.go:31	test for log rotate...
2020-09-14T17:19:08.592+0800	info	zap-demo/main.go:32	sugar test for log rotate...
2020-09-14T17:19:08.592+0800	info	zap-demo/main.go:31	test for log rotate...
2020-09-14T17:19:08.592+0800	info	zap-demo/main.go:32	sugar test for log rotate...
2020-09-14T17:19:08.592+0800	info	zap-demo/main.go:31	test for log rotate...
2020-09-14T17:19:08.592+0800	info	zap-demo/main.go:32	sugar test for log rotate...
2020-09-14T17:19:08.592+0800	info	zap-demo/main.go:31	test for log rotate...
2020-09-14T17:19:08.592+0800	info	zap-demo/main.go:32	sugar test for log rotate...
2020-09-14T17:19:08.592+0800	info	zap-demo/main.go:31	test for log rotate...
2020-09-14T17:19:08.592+0800	info	zap-demo/main.go:32	sugar test for log rotate...
2020-09-14T17:19:08.592+0800	info	zap-demo/main.go:31	test for log rotate...
2020-09-14T17:19:08.592+0800	info	zap-demo/main.go:32	sugar test for log rotate...
2020-09-14T17:19:08.592+0800	info	zap-demo/main.go:31	test for log rotate...
2020-09-14T17:19:08.592+0800	info	zap-demo/main.go:32	sugar test for log rotate...
2020-09-14T17:19:08.592+0800	info	zap-demo/main.go:31	test for log rotate...
2020-09-14T17:19:08.592+0800	info	zap-demo/main.go:32	sugar test for log rotate...
2020-09-14T17:19:08.592+0800	info	zap-demo/main.go:31	test for log rotate...
2020-09-14T17:19:08.592+0800	info	zap-demo/main.go:32	sugar test for log rotate...
2020-09-14T17:19:08.592+0800	info	zap-demo/main.go:31	test for log rotate...
2020-09-14T17:19:08.592+0800	info	zap-demo/main.go:32	sugar test for log rotate...
2020-09-14T17:19:08.592+0800	info	zap-demo/main.go:31	test for log rotate...
2020-09-14T17:19:08.592+0800	info	zap-demo/main.go:32	sugar test for log rotate...
2020-09-14T17:19:08.592+0800	info	zap-demo/main.go:31	test for log rotate...
2020-09-14T17:19:08.592+0800	info	zap-demo/main.go:32	sugar test for log rotate...
2020-09-14T17:19:08.592+0800	info	zap-demo/main.go:31	test for log rotate...
2020-09-14T17:19:08.592+0800	info	zap-demo/main.go:32	sugar test for log rotate...
2020-09-14T17:19:08.592+0800	info	zap-demo/main.go:31	test for log rotate...
2020-09-14T17:19:08.592+0800	info	zap-demo/main.go:32	sugar test for log rotate...
2020-09-14T17:19:08.592+0800	info	zap-demo/main.go:31	test for log rotate...
2020-09-14T17:19:08.592+0800	info	zap-demo/main.go:32	sugar test for log rotate...
2020-09-14T17:19:08.592+0800	info	zap-demo/main.go:31	test for log rotate...
2020-09-14T17:19:08.592+0800	info	zap-demo/main.go:32	sugar test for log rotate...
2020-09-14T17:19:08.592+0800	info	zap-demo/main.go:31	test for log rotate...
2020-09-14T17:19:08.592+0800	info	zap-demo/main.go:32	sugar test for log rotate...
2020-09-14T17:19:08.592+0800	info	zap-demo/main.go:31	test for log rotate...
2020-09-14T17:19:08.592+0800	info	zap-demo/main.go:32	sugar test for log rotate...
2020-09-14T17:19:08.592+0800	info	zap-demo/main.go:31	test for log rotate...
2020-09-14T17:19:08.592+0800	info	zap-demo/main.go:32	sugar test for log rotate...
2020-09-14T17:19:08.592+0800	info	zap-demo/main.go:31	test for log rotate...
2020-09-14T17:19:08.592+0800	info	zap-demo/main.go:32	sugar test for log rotate...
2020-09-14T17:19:08.592+0800	info	zap-demo/main.go:31	test for log rotate...
2020-09-14T17:19:08.592+0800	info	zap-demo/main.go:32	sugar test for log rotate...
2020-09-14T17:19:08.592+0800	info	zap-demo/main.go:31	test for log rotate...
2020-09-14T17:19:08.592+0800	info	zap-demo/main.go:32	sugar test for log rotate...
2020-09-14T17:19:08.592+0800	info	zap-demo/main.go:31	test for log rotate...
2020-09-14T17:19:08.592+0800	info	zap-demo/main.go:32	sugar test for log rotate...
2020-09-14T17:19:08.592+0800	info	zap-demo/main.go:31	test for log rotate...
2020-09-14T17:19:08.592+0800	info	zap-demo/main.go:32	sugar test for log rotate...
2020-09-14T17:19:08.592+0800	info	zap-demo/main.go:31	test for log rotate...
2020-09-14T17:19:08.592+0800	info	zap-demo/main.go:32	sugar test for log rotate...
2020-09-14T17:19:08.592+0800	info	zap-demo/main.go:31	test for log rotate...
2020-09-14T17:19:08.592+0800	info	zap-demo/main.go:32	sugar test for log rotate...
2020-09-14T17:19:08.592+0800	info	zap-demo/main.go:31	test for log rotate...
2020-09-14T17:19:08.592+0800	info	zap-demo/main.go:32	sugar test for log rotate...
2020-09-14T17:19:08.592+0800	info	zap-demo/main.go:31	test for log rotate...
2020-09-14T17:19:08.592+0800	info	zap-demo/main.go:32	sugar test for log rotate...
2020-09-14T17:19:08.592+0800	info	zap-demo/main.go:31	test for log rotate...
2020-09-14T17:19:08.592+0800	info	zap-demo/main.go:32	sugar test for log rotate...
2020-09-14T17:19:08.592+0800	info	zap-demo/main.go:31	test for log rotate...
2020-09-14T17:19:08.592+0800	info	zap-demo/main.go:32	sugar test for log rotate...
2020-09-14T17:19:08.592+0800	info	zap-demo/main.go:31	test for log rotate...
2020-09-14T17:19:08.592+0800	info	zap-demo/main.go:32	sugar test for log rotate...
2020-09-14T17:19:08.592+0800	info	zap-demo/main.go:31	test for log rotate...
2020-09-14T17:19:08.592+0800	info	zap-demo/main.go:32	sugar test for log rotate...
2020-09-14T17:19:08.592+0800	info	zap-demo/main.go:31	test for log rotate...
2020-09-14T17:19:08.592+0800	info	zap-demo/main.go:32	sugar test for log rotate...
2020-09-14T17:19:08.592+0800	info	zap-demo/main.go:31	test for log rotate...
2020-09-14T17:19:08.592+0800	info	zap-demo/main.go:32	sugar test for log rotate...
2020-09-14T17:19:08.592+0800	info	zap-demo/main.go:31	test for log rotate...
2020-09-14T17:19:08.592+0800	info	zap-demo/main.go:32	sugar test for log rotate...
2020-09-14T17:19:08.592+0800	info	zap-demo/main.go:31	test for log rotate...
2020-09-14T17:19:08.592+0800	info	zap-demo/main.go:32	sugar test for log rotate...
2020-09-14T17:19:08.592+0800	info	zap-demo/main.go:31	test for log rotate...
2020-09-14T17:19:08.592+0800	info	zap-demo/main.go:32	sugar test for log rotate...
2020-09-14T17:19:08.592+0800	info	zap-demo/main.go:31	test for log rotate...
2020-09-14T17:19:08.592+0800	info	zap-demo/main.go:32	sugar test for log rotate...
2020-09-14T17:19:08.592+0800	info	zap-demo/main.go:31	test for log rotate...
2020-09-14T17:19:08.593+0800	info	zap-demo/main.go:32	sugar test for log rotate...
2020-09-14T17:19:08.593+0800	info	zap-demo/main.go:31	test for log rotate...
2020-09-14T17:19:08.593+0800	info	zap-demo/main.go:32	sugar test for log rotate...
2020-09-14T17:19:08.593+0800	info	zap-demo/main.go:31	test for log rotate...
2020-09-14T17:19:08.593+0800	info	zap-demo/main.go:32	sugar test for log rotate...
2020-09-14T17:19:08.593+0800	info	zap-demo/main.go:31	test for log rotate...
2020-09-14T17:19:08.593+0800	info	zap-demo/main.go:32	sugar test for log rotate...
2020-09-14T17:19:08.593+0800	info	zap-demo/main.go:31	test for log rotate...
2020-09-14T17:19:08.593+0800	info	zap-demo/main.go:32	sugar test for log rotate...
2020-09-14T17:19:08.593+0800	info	zap-demo/main.go:31	test for log rotate...
2020-09-14T17:19:08.593+0800	info	zap-demo/main.go:32	sugar test for log rotate...
2020-09-14T17:19:08.593+0800	info	zap-demo/main.go:31	test for log rotate...
2020-09-14T17:19:08.593+0800	info	zap-demo/main.go:32	sugar test for log rotate...
2020-09-14T17:19:08.593+0800	info	zap-demo/main.go:31	test for log rotate...
2020-09-14T17:19:08.593+0800	info	zap-demo/main.go:32	sugar test for log rotate...
2020-09-14T17:19:08.593+0800	info	zap-demo/main.go:31	test for log rotate...
2020-09-14T17:19:08.593+0800	info	zap-demo/main.go:32	sugar test for log rotate...
2020-09-14T17:19:08.593+0800	info	zap-demo/main.go:31	test for log rotate...
2020-09-14T17:19:08.593+0800	info	zap-demo/main.go:32	sugar test for log rotate...
2020-09-14T17:19:08.593+0800	info	zap-demo/main.go:31	test for log rotate...
2020-09-14T17:19:08.593+0800	info	zap-demo/main.go:32	sugar test for log rotate...
2020-09-14T17:19:08.593+0800	info	zap-demo/main.go:31	test for log rotate...
2020-09-14T17:19:08.593+0800	info	zap-demo/main.go:32	sugar test for log rotate...
2020-09-14T17:19:08.593+0800	info	zap-demo/main.go:31	test for log rotate...
2020-09-14T17:19:08.593+0800	info	zap-demo/main.go:32	sugar test for log rotate...
2020-09-14T17:19:08.593+0800	info	zap-demo/main.go:31	test for log rotate...
2020-09-14T17:19:08.593+0800	info	zap-demo/main.go:32	sugar test for log rotate...
2020-09-14T17:19:08.593+0800	info	zap-demo/main.go:31	test for log rotate...
2020-09-14T17:19:08.593+0800	info	zap-demo/main.go:32	sugar test for log rotate...
2020-09-14T17:19:08.593+0800	info	zap-demo/main.go:31	test for log rotate...
2020-09-14T17:19:08.593+0800	info	zap-demo/main.go:32	sugar test for log rotate...
2020-09-14T17:19:08.593+0800	info	zap-demo/main.go:31	test for log rotate...
2020-09-14T17:19:08.593+0800	info	zap-demo/main.go:32	sugar test for log rotate...
2020-09-14T17:19:08.593+0800	info	zap-demo/main.go:31	test for log rotate...
2020-09-14T17:19:08.593+0800	info	zap-demo/main.go:32	sugar test for log rotate...
2020-09-14T17:19:08.593+0800	info	zap-demo/main.go:31	test for log rotate...
2020-09-14T17:19:08.593+0800	info	zap-demo/main.go:32	sugar test for log rotate...
2020-09-14T17:19:08.593+0800	info	zap-demo/main.go:31	test for log rotate...
2020-09-14T17:19:08.593+0800	info	zap-demo/main.go:32	sugar test for log rotate...
2020-09-14T17:19:08.593+0800	info	zap-demo/main.go:31	test for log rotate...
2020-09-14T17:19:08.593+0800	info	zap-demo/main.go:32	sugar test for log rotate...
2020-09-14T17:19:08.593+0800	info	zap-demo/main.go:31	test for log rotate...
2020-09-14T17:19:08.593+0800	info	zap-demo/main.go:32	sugar test for log rotate...
2020-09-14T17:19:08.593+0800	info	zap-demo/main.go:31	test for log rotate...
2020-09-14T17:19:08.593+0800	info	zap-demo/main.go:32	sugar test for log rotate...
2020-09-14T17:19:08.593+0800	info	zap-demo/main.go:31	test for log rotate...
2020-09-14T17:19:08.593+0800	info	zap-demo/main.go:32	sugar test for log rotate...
2020-09-14T17:19:08.593+0800	info	zap-demo/main.go:31	test for log rotate...
2020-09-14T17:19:08.593+0800	info	zap-demo/main.go:32	sugar test for log rotate...
2020-09-14T17:19:08.593+0800	info	zap-demo/main.go:31	test for log rotate...
2020-09-14T17:19:08.593+0800	info	zap-demo/main.go:32	sugar test for log rotate...
2020-09-14T17:19:08.593+0800	info	zap-demo/main.go:31	test for log rotate...
2020-09-14T17:19:08.593+0800	info	zap-demo/main.go:32	sugar test for log rotate...
2020-09-14T17:19:08.593+0800	info	zap-demo/main.go:31	test for log rotate...
2020-09-14T17:19:08.593+0800	info	zap-demo/main.go:32	sugar test for log rotate...
2020-09-14T17:19:08.593+0800	info	zap-demo/main.go:31	test for log rotate...
2020-09-14T17:19:08.593+0800	info	zap-demo/main.go:32	sugar test for log rotate...
2020-09-14T17:19:08.593+0800	info	zap-demo/main.go:31	test for log rotate...
2020-09-14T17:19:08.593+0800	info	zap-demo/main.go:32	sugar test for log rotate...
2020-09-14T17:19:08.593+0800	info	zap-demo/main.go:31	test for log rotate...
2020-09-14T17:19:08.593+0800	info	zap-demo/main.go:32	sugar test for log rotate...
2020-09-14T17:19:08.593+0800	info	zap-demo/main.go:31	test for log rotate...
2020-09-14T17:19:08.593+0800	info	zap-demo/main.go:32	sugar test for log rotate...
2020-09-14T17:19:08.593+0800	info	zap-demo/main.go:31	test for log rotate...
2020-09-14T17:19:08.593+0800	info	zap-demo/main.go:32	sugar test for log rotate...
2020-09-14T17:19:08.593+0800	info	zap-demo/main.go:31	test for log rotate...
2020-09-14T17:19:08.593+0800	info	zap-demo/main.go:32	sugar test for log rotate...
2020-09-14T17:19:08.593+0800	info	zap-demo/main.go:31	test for log rotate...
2020-09-14T17:19:08.593+0800	info	zap-demo/main.go:32	sugar test for log rotate...
2020-09-14T17:19:08.593+0800	info	zap-demo/main.go:31	test for log rotate...
2020-09-14T17:19:08.593+0800	info	zap-demo/main.go:32	sugar test for log rotate...
2020-09-14T17:19:08.593+0800	info	zap-demo/main.go:31	test for log rotate...
2020-09-14T17:19:08.593+0800	info	zap-demo/main.go:32	sugar test for log rotate...
2020-09-14T17:19:08.593+0800	info	zap-demo/main.go:31	test for log rotate...
2020-09-14T17:19:08.593+0800	info	zap-demo/main.go:32	sugar test for log rotate...
2020-09-14T17:19:08.593+0800	info	zap-demo/main.go:31	test for log rotate...
2020-09-14T17:19:08.593+0800	info	zap-demo/main.go:32	sugar test for log rotate...
2020-09-14T17:19:08.593+0800	info	zap-demo/main.go:31	test for log rotate...
2020-09-14T17:19:08.593+0800	info	zap-demo/main.go:32	sugar test for log rotate...
2020-09-14T17:19:08.593+0800	info	zap-demo/main.go:31	test for log rotate...
2020-09-14T17:19:08.593+0800	info	zap-demo/main.go:32	sugar test for log rotate...
2020-09-14T17:19:08.593+0800	info	zap-demo/main.go:31	test for log rotate...
2020-09-14T17:19:08.593+0800	info	zap-demo/main.go:32	sugar test for log rotate...
2020-09-14T17:19:08.593+0800	info	zap-demo/main.go:31	test for log rotate...
2020-09-14T17:19:08.593+0800	info	zap-demo/main.go:32	sugar test for log rotate...
2020-09-14T17:19:08.593+0800	info	zap-demo/main.go:31	test for log rotate...
2020-09-14T17:19:08.593+0800	info	zap-demo/main.go:32	sugar test for log rotate...
2020-09-14T17:19:08.593+0800	info	zap-demo/main.go:31	test for log rotate...
2020-09-14T17:19:08.593+0800	info	zap-demo/main.go:32	sugar test for log rotate...
2020-09-14T17:19:08.593+0800	info	zap-demo/main.go:31	test for log rotate...
2020-09-14T17:19:08.593+0800	info	zap-demo/main.go:32	sugar test for log rotate...
2020-09-14T17:19:08.593+0800	info	zap-demo/main.go:31	test for log rotate...
2020-09-14T17:19:08.593+0800	info	zap-demo/main.go:32	sugar test for log rotate...
2020-09-14T17:19:08.593+0800	info	zap-demo/main.go:31	test for log rotate...
2020-09-14T17:19:08.593+0800	info	zap-demo/main.go:32	sugar test for log rotate...
2020-09-14T17:19:08.593+0800	info	zap-demo/main.go:31	test for log rotate...
2020-09-14T17:19:08.593+0800	info	zap-demo/main.go:32	sugar test for log rotate...
2020-09-14T17:19:08.593+0800	info	zap-demo/main.go:31	test for log rotate...
2020-09-14T17:19:08.593+0800	info	zap-demo/main.go:32	sugar test for log rotate...
2020-09-14T17:19:08.593+0800	info	zap-demo/main.go:31	test for log rotate...
2020-09-14T17:19:08.593+0800	info	zap-demo/main.go:32	sugar test for log rotate...
2020-09-14T17:19:08.593+0800	info	zap-demo/main.go:31	test for log rotate...
2020-09-14T17:19:08.593+0800	info	zap-demo/main.go:32	sugar test for log rotate...
2020-09-14T17:19:08.593+0800	info	zap-demo/main.go:31	test for log rotate...
2020-09-14T17:19:08.593+0800	info	zap-demo/main.go:32	sugar test for log rotate...
2020-09-14T17:19:08.593+0800	info	zap-demo/main.go:31	test for log rotate...
2020-09-14T17:19:08.593+0800	info	zap-demo/main.go:32	sugar test for log rotate...
2020-09-14T17:19:08.593+0800	info	zap-demo/main.go:31	test for log rotate...
2020-09-14T17:19:08.593+0800	info	zap-demo/main.go:32	sugar test for log rotate...
2020-09-14T17:19:08.593+0800	info	zap-demo/main.go:31	test for log rotate...
2020-09-14T17:19:08.593+0800	info	zap-demo/main.go:32	sugar test for log rotate...
2020-09-14T17:19:08.593+0800	info	zap-demo/main.go:31	test for log rotate...
2020-09-14T17:19:08.593+0800	info	zap-demo/main.go:32	sugar test for log rotate...
2020-09-14T17:19:08.593+0800	info	zap-demo/main.go:31	test for log rotate...
2020-09-14T17:19:08.593+0800	info	zap-demo/main.go:32	sugar test for log rotate...
2020-09-14T17:19:08.593+0800	info	zap-demo/main.go:31	test for log rotate...
2020-09-14T17:19:08.593+0800	info	zap-demo/main.go:32	sugar test for log rotate...
2020-09-14T17:19:08.593+0800	info	zap-demo/main.go:31	test for log rotate...
2020-09-14T17:19:08.593+0800	info	zap-demo/main.go:32	sugar test for log rotate...
2020-09-14T17:19:08.593+0800	info	zap-demo/main.go:31	test for log rotate...
2020-09-14T17:19:08.593+0800	info	zap-demo/main.go:32	sugar test for log rotate...
2020-09-14T17:19:08.593+0800	info	zap-demo/main.go:31	test for log rotate...
2020-09-14T17:19:08.593+0800	info	zap-demo/main.go:32	sugar test for log rotate...
2020-09-14T17:19:08.593+0800	info	zap-demo/main.go:31	test for log rotate...
2020-09-14T17:19:08.593+0800	info	zap-demo/main.go:32	sugar test for log rotate...
2020-09-14T17:19:08.593+0800	info	zap-demo/main.go:31	test for log rotate...
2020-09-14T17:19:08.593+0800	info	zap-demo/main.go:32	sugar test for log rotate...
2020-09-14T17:19:08.593+0800	info	zap-demo/main.go:31	test for log rotate...
2020-09-14T17:19:08.593+0800	info	zap-demo/main.go:32	sugar test for log rotate...
2020-09-14T17:19:08.593+0800	info	zap-demo/main.go:31	test for log rotate...
2020-09-14T17:19:08.593+0800	info	zap-demo/main.go:32	sugar test for log rotate...
2020-09-14T17:19:08.593+0800	info	zap-demo/main.go:31	test for log rotate...
2020-09-14T17:19:08.593+0800	info	zap-demo/main.go:32	sugar test for log rotate...
2020-09-14T17:19:08.593+0800	info	zap-demo/main.go:31	test for log rotate...
2020-09-14T17:19:08.593+0800	info	zap-demo/main.go:32	sugar test for log rotate...
2020-09-14T17:19:08.593+0800	info	zap-demo/main.go:31	test for log rotate...
2020-09-14T17:19:08.593+0800	info	zap-demo/main.go:32	sugar test for log rotate...
2020-09-14T17:19:08.593+0800	info	zap-demo/main.go:31	test for log rotate...
2020-09-14T17:19:08.593+0800	info	zap-demo/main.go:32	sugar test for log rotate...
2020-09-14T17:19:08.593+0800	info	zap-demo/main.go:31	test for log rotate...
2020-09-14T17:19:08.593+0800	info	zap-demo/main.go:32	sugar test for log rotate...
2020-09-14T17:19:08.593+0800	info	zap-demo/main.go:31	test for log rotate...
2020-09-14T17:19:08.593+0800	info	zap-demo/main.go:32	sugar test for log rotate...
2020-09-14T17:19:08.593+0800	info	zap-demo/main.go:31	test for log rotate...
2020-09-14T17:19:08.593+0800	info	zap-demo/main.go:32	sugar test for log rotate...
2020-09-14T17:19:08.593+0800	info	zap-demo/main.go:31	test for log rotate...
2020-09-14T17:19:08.593+0800	info	zap-demo/main.go:32	sugar test for log rotate...
2020-09-14T17:19:08.593+0800	info	zap-demo/main.go:31	test for log rotate...
2020-09-14T17:19:08.593+0800	info	zap-demo/main.go:32	sugar test for log rotate...
2020-09-14T17:19:08.593+0800	info	zap-demo/main.go:31	test for log rotate...
2020-09-14T17:19:08.593+0800	info	zap-demo/main.go:32	sugar test for log rotate...
2020-09-14T17:19:08.593+0800	info	zap-demo/main.go:31	test for log rotate...
2020-09-14T17:19:08.593+0800	info	zap-demo/main.go:32	sugar test for log rotate...
2020-09-14T17:19:08.593+0800	info	zap-demo/main.go:31	test for log rotate...
2020-09-14T17:19:08.593+0800	info	zap-demo/main.go:32	sugar test for log rotate...
2020-09-14T17:19:08.593+0800	info	zap-demo/main.go:31	test for log rotate...
2020-09-14T17:19:08.593+0800	info	zap-demo/main.go:32	sugar test for log rotate...
2020-09-14T17:19:08.593+0800	info	zap-demo/main.go:31	test for log rotate...
2020-09-14T17:19:08.593+0800	info	zap-demo/main.go:32	sugar test for log rotate...
2020-09-14T17:19:08.593+0800	info	zap-demo/main.go:31	test for log rotate...
2020-09-14T17:19:08.593+0800	info	zap-demo/main.go:32	sugar test for log rotate...
2020-09-14T17:19:08.593+0800	info	zap-demo/main.go:31	test for log rotate...
2020-09-14T17:19:08.593+0800	info	zap-demo/main.go:32	sugar test for log rotate...
2020-09-14T17:19:08.593+0800	info	zap-demo/main.go:31	test for log rotate...
2020-09-14T17:19:08.593+0800	info	zap-demo/main.go:32	sugar test for log rotate...
2020-09-14T17:19:08.593+0800	info	zap-demo/main.go:31	test for log rotate...
2020-09-14T17:19:08.593+0800	info	zap-demo/main.go:32	sugar test for log rotate...
2020-09-14T17:19:08.593+0800	info	zap-demo/main.go:31	test for log rotate...
2020-09-14T17:19:08.593+0800	info	zap-demo/main.go:32	sugar test for log rotate...
2020-09-14T17:19:08.593+0800	info	zap-demo/main.go:31	test for log rotate...
2020-09-14T17:19:08.593+0800	info	zap-demo/main.go:32	sugar test for log rotate...
2020-09-14T17:19:08.593+0800	info	zap-demo/main.go:31	test for log rotate...
2020-09-14T17:19:08.593+0800	info	zap-demo/main.go:32	sugar test for log rotate...
2020-09-14T17:19:08.593+0800	info	zap-demo/main.go:31	test for log rotate...
2020-09-14T17:19:08.593+0800	info	zap-demo/main.go:32	sugar test for log rotate...
2020-09-14T17:19:08.593+0800	info	zap-demo/main.go:31	test for log rotate...
2020-09-14T17:19:08.593+0800	info	zap-demo/main.go:32	sugar test for log rotate...
2020-09-14T17:19:08.593+0800	info	zap-demo/main.go:31	test for log rotate...
2020-09-14T17:19:08.593+0800	info	zap-demo/main.go:32	sugar test for log rotate...
2020-09-14T17:19:08.593+0800	info	zap-demo/main.go:31	test for log rotate...
2020-09-14T17:19:08.593+0800	info	zap-demo/main.go:32	sugar test for log rotate...
2020-09-14T17:19:08.593+0800	info	zap-demo/main.go:31	test for log rotate...
2020-09-14T17:19:08.593+0800	info	zap-demo/main.go:32	sugar test for log rotate...
2020-09-14T17:19:08.593+0800	info	zap-demo/main.go:31	test for log rotate...
2020-09-14T17:19:08.593+0800	info	zap-demo/main.go:32	sugar test for log rotate...
2020-09-14T17:19:08.593+0800	info	zap-demo/main.go:31	test for log rotate...
2020-09-14T17:19:08.593+0800	info	zap-demo/main.go:32	sugar test for log rotate...
2020-09-14T17:19:08.593+0800	info	zap-demo/main.go:31	test for log rotate...
2020-09-14T17:19:08.593+0800	info	zap-demo/main.go:32	sugar test for log rotate...
2020-09-14T17:19:08.593+0800	info	zap-demo/main.go:31	test for log rotate...
2020-09-14T17:19:08.594+0800	info	zap-demo/main.go:32	sugar test for log rotate...
2020-09-14T17:19:08.594+0800	info	zap-demo/main.go:31	test for log rotate...
2020-09-14T17:19:08.594+0800	info	zap-demo/main.go:32	sugar test for log rotate...
2020-09-14T17:19:08.594+0800	info	zap-demo/main.go:31	test for log rotate...
2020-09-14T17:19:08.594+0800	info	zap-demo/main.go:32	sugar test for log rotate...
2020-09-14T17:19:08.594+0800	info	zap-demo/main.go:31	test for log rotate...
2020-09-14T17:19:08.594+0800	info	zap-demo/main.go:32	sugar test for log rotate...
2020-09-14T17:19:08.594+0800	info	zap-demo/main.go:31	test for log rotate...
2020-09-14T17:19:08.594+0800	info	zap-demo/main.go:32	sugar test for log rotate...
2020-09-14T17:19:08.594+0800	info	zap-demo/main.go:31	test for log rotate...
2020-09-14T17:19:08.594+0800	info	zap-demo/main.go:32	sugar test for log rotate...
2020-09-14T17:19:08.594+0800	info	zap-demo/main.go:31	test for log rotate...
2020-09-14T17:19:08.594+0800	info	zap-demo/main.go:32	sugar test for log rotate...
2020-09-14T17:19:08.594+0800	info	zap-demo/main.go:31	test for log rotate...
2020-09-14T17:19:08.594+0800	info	zap-demo/main.go:32	sugar test for log rotate...
2020-09-14T17:19:08.594+0800	info	zap-demo/main.go:31	test for log rotate...
2020-09-14T17:19:08.594+0800	info	zap-demo/main.go:32	sugar test for log rotate...
2020-09-14T17:19:08.594+0800	info	zap-demo/main.go:31	test for log rotate...
2020-09-14T17:19:08.594+0800	info	zap-demo/main.go:32	sugar test for log rotate...
2020-09-14T17:19:08.594+0800	info	zap-demo/main.go:31	test for log rotate...
2020-09-14T17:19:08.594+0800	info	zap-demo/main.go:32	sugar test for log rotate...
2020-09-14T17:19:08.594+0800	info	zap-demo/main.go:31	test for log rotate...
2020-09-14T17:19:08.594+0800	info	zap-demo/main.go:32	sugar test for log rotate...
2020-09-14T17:19:08.594+0800	info	zap-demo/main.go:31	test for log rotate...
2020-09-14T17:19:08.594+0800	info	zap-demo/main.go:32	sugar test for log rotate...
2020-09-14T17:19:08.594+0800	info	zap-demo/main.go:31	test for log rotate...
2020-09-14T17:19:08.594+0800	info	zap-demo/main.go:32	sugar test for log rotate...
2020-09-14T17:19:08.594+0800	info	zap-demo/main.go:31	test for log rotate...
2020-09-14T17:19:08.594+0800	info	zap-demo/main.go:32	sugar test for log rotate...
2020-09-14T17:19:08.594+0800	info	zap-demo/main.go:31	test for log rotate...
2020-09-14T17:19:08.594+0800	info	zap-demo/main.go:32	sugar test for log rotate...
2020-09-14T17:19:08.594+0800	info	zap-demo/main.go:31	test for log rotate...
2020-09-14T17:19:08.594+0800	info	zap-demo/main.go:32	sugar test for log rotate...
2020-09-14T17:19:08.594+0800	info	zap-demo/main.go:31	test for log rotate...
2020-09-14T17:19:08.594+0800	info	zap-demo/main.go:32	sugar test for log rotate...
2020-09-14T17:19:08.594+0800	info	zap-demo/main.go:31	test for log rotate...
2020-09-14T17:19:08.594+0800	info	zap-demo/main.go:32	sugar test for log rotate...
2020-09-14T17:19:08.594+0800	info	zap-demo/main.go:31	test for log rotate...
2020-09-14T17:19:08.594+0800	info	zap-demo/main.go:32	sugar test for log rotate...
2020-09-14T17:19:08.594+0800	info	zap-demo/main.go:31	test for log rotate...
2020-09-14T17:19:08.594+0800	info	zap-demo/main.go:32	sugar test for log rotate...
2020-09-14T17:19:08.594+0800	info	zap-demo/main.go:31	test for log rotate...
2020-09-14T17:19:08.594+0800	info	zap-demo/main.go:32	sugar test for log rotate...
2020-09-14T17:19:08.594+0800	info	zap-demo/main.go:31	test for log rotate...
2020-09-14T17:19:08.594+0800	info	zap-demo/main.go:32	sugar test for log rotate...
2020-09-14T17:19:08.594+0800	info	zap-demo/main.go:31	test for log rotate...
2020-09-14T17:19:08.594+0800	info	zap-demo/main.go:32	sugar test for log rotate...
2020-09-14T17:19:08.594+0800	info	zap-demo/main.go:31	test for log rotate...
2020-09-14T17:19:08.594+0800	info	zap-demo/main.go:32	sugar test for log rotate...
2020-09-14T17:19:08.594+0800	info	zap-demo/main.go:31	test for log rotate...
2020-09-14T17:19:08.594+0800	info	zap-demo/main.go:32	sugar test for log rotate...
2020-09-14T17:19:08.594+0800	info	zap-demo/main.go:31	test for log rotate...
2020-09-14T17:19:08.594+0800	info	zap-demo/main.go:32	sugar test for log rotate...
2020-09-14T17:19:08.594+0800	info	zap-demo/main.go:31	test for log rotate...
2020-09-14T17:19:08.594+0800	info	zap-demo/main.go:32	sugar test for log rotate...
2020-09-14T17:19:08.594+0800	info	zap-demo/main.go:31	test for log rotate...
2020-09-14T17:19:08.594+0800	info	zap-demo/main.go:32	sugar test for log rotate...
2020-09-14T17:19:08.594+0800	info	zap-demo/main.go:31	test for log rotate...
2020-09-14T17:19:08.594+0800	info	zap-demo/main.go:32	sugar test for log rotate...
2020-09-14T17:19:08.594+0800	info	zap-demo/main.go:31	test for log rotate...
2020-09-14T17:19:08.594+0800	info	zap-demo/main.go:32	sugar test for log rotate...
2020-09-14T17:19:08.594+0800	info	zap-demo/main.go:31	test for log rotate...
2020-09-14T17:19:08.594+0800	info	zap-demo/main.go:32	sugar test for log rotate...
2020-09-14T17:19:08.594+0800	info	zap-demo/main.go:31	test for log rotate...
2020-09-14T17:19:08.594+0800	info	zap-demo/main.go:32	sugar test for log rotate...
2020-09-14T17:19:08.594+0800	info	zap-demo/main.go:31	test for log rotate...
2020-09-14T17:19:08.594+0800	info	zap-demo/main.go:32	sugar test for log rotate...
2020-09-14T17:19:08.594+0800	info	zap-demo/main.go:31	test for log rotate...
2020-09-14T17:19:08.594+0800	info	zap-demo/main.go:32	sugar test for log rotate...
2020-09-14T17:19:08.594+0800	info	zap-demo/main.go:31	test for log rotate...
2020-09-14T17:19:08.594+0800	info	zap-demo/main.go:32	sugar test for log rotate...
2020-09-14T17:19:08.594+0800	info	zap-demo/main.go:31	test for log rotate...
2020-09-14T17:19:08.594+0800	info	zap-demo/main.go:32	sugar test for log rotate...
2020-09-14T17:19:08.594+0800	info	zap-demo/main.go:31	test for log rotate...
2020-09-14T17:19:08.594+0800	info	zap-demo/main.go:32	sugar test for log rotate...
2020-09-14T17:19:08.594+0800	info	zap-demo/main.go:31	test for log rotate...
2020-09-14T17:19:08.594+0800	info	zap-demo/main.go:32	sugar test for log rotate...
2020-09-14T17:19:08.594+0800	info	zap-demo/main.go:31	test for log rotate...
2020-09-14T17:19:08.594+0800	info	zap-demo/main.go:32	sugar test for log rotate...
2020-09-14T17:19:08.594+0800	info	zap-demo/main.go:31	test for log rotate...
2020-09-14T17:19:08.594+0800	info	zap-demo/main.go:32	sugar test for log rotate...
2020-09-14T17:19:08.594+0800	info	zap-demo/main.go:31	test for log rotate...
2020-09-14T17:19:08.594+0800	info	zap-demo/main.go:32	sugar test for log rotate...
2020-09-14T17:19:08.594+0800	info	zap-demo/main.go:31	test for log rotate...
2020-09-14T17:19:08.594+0800	info	zap-demo/main.go:32	sugar test for log rotate...
2020-09-14T17:19:08.594+0800	info	zap-demo/main.go:31	test for log rotate...
2020-09-14T17:19:08.594+0800	info	zap-demo/main.go:32	sugar test for log rotate...
2020-09-14T17:19:08.594+0800	info	zap-demo/main.go:31	test for log rotate...
2020-09-14T17:19:08.594+0800	info	zap-demo/main.go:32	sugar test for log rotate...
2020-09-14T17:19:08.594+0800	info	zap-demo/main.go:31	test for log rotate...
2020-09-14T17:19:08.594+0800	info	zap-demo/main.go:32	sugar test for log rotate...
2020-09-14T17:19:08.594+0800	info	zap-demo/main.go:31	test for log rotate...
2020-09-14T17:19:08.594+0800	info	zap-demo/main.go:32	sugar test for log rotate...
2020-09-14T17:19:08.594+0800	info	zap-demo/main.go:31	test for log rotate...
2020-09-14T17:19:08.594+0800	info	zap-demo/main.go:32	sugar test for log rotate...
2020-09-14T17:19:08.594+0800	info	zap-demo/main.go:31	test for log rotate...
2020-09-14T17:19:08.594+0800	info	zap-demo/main.go:32	sugar test for log rotate...
2020-09-14T17:19:08.594+0800	info	zap-demo/main.go:31	test for log rotate...
2020-09-14T17:19:08.594+0800	info	zap-demo/main.go:32	sugar test for log rotate...
2020-09-14T17:19:08.594+0800	info	zap-demo/main.go:31	test for log rotate...
2020-09-14T17:19:08.594+0800	info	zap-demo/main.go:32	sugar test for log rotate...
2020-09-14T17:19:08.594+0800	info	zap-demo/main.go:31	test for log rotate...
2020-09-14T17:19:08.594+0800	info	zap-demo/main.go:32	sugar test for log rotate...
2020-09-14T17:19:08.594+0800	info	zap-demo/main.go:31	test for log rotate...
2020-09-14T17:19:08.594+0800	info	zap-demo/main.go:32	sugar test for log rotate...
2020-09-14T17:19:08.594+0800	info	zap-demo/main.go:31	test for log rotate...
2020-09-14T17:19:08.594+0800	info	zap-demo/main.go:32	sugar test for log rotate...
2020-09-14T17:19:08.594+0800	info	zap-demo/main.go:31	test for log rotate...
2020-09-14T17:19:08.594+0800	info	zap-demo/main.go:32	sugar test for log rotate...
2020-09-14T17:19:08.594+0800	info	zap-demo/main.go:31	test for log rotate...
2020-09-14T17:19:08.594+0800	info	zap-demo/main.go:32	sugar test for log rotate...
2020-09-14T17:19:08.594+0800	info	zap-demo/main.go:31	test for log rotate...
2020-09-14T17:19:08.594+0800	info	zap-demo/main.go:32	sugar test for log rotate...
2020-09-14T17:19:08.594+0800	info	zap-demo/main.go:31	test for log rotate...
2020-09-14T17:19:08.594+0800	info	zap-demo/main.go:32	sugar test for log rotate...
2020-09-14T17:19:08.594+0800	info	zap-demo/main.go:31	test for log rotate...
2020-09-14T17:19:08.594+0800	info	zap-demo/main.go:32	sugar test for log rotate...
2020-09-14T17:19:08.594+0800	info	zap-demo/main.go:31	test for log rotate...
2020-09-14T17:19:08.594+0800	info	zap-demo/main.go:32	sugar test for log rotate...
2020-09-14T17:19:08.594+0800	info	zap-demo/main.go:31	test for log rotate...
2020-09-14T17:19:08.594+0800	info	zap-demo/main.go:32	sugar test for log rotate...
2020-09-14T17:19:08.594+0800	info	zap-demo/main.go:31	test for log rotate...
2020-09-14T17:19:08.594+0800	info	zap-demo/main.go:32	sugar test for log rotate...
2020-09-14T17:19:08.594+0800	info	zap-demo/main.go:31	test for log rotate...
2020-09-14T17:19:08.594+0800	info	zap-demo/main.go:32	sugar test for log rotate...
2020-09-14T17:19:08.594+0800	info	zap-demo/main.go:31	test for log rotate...
2020-09-14T17:19:08.594+0800	info	zap-demo/main.go:32	sugar test for log rotate...
2020-09-14T17:19:08.594+0800	info	zap-demo/main.go:31	test for log rotate...
2020-09-14T17:19:08.594+0800	info	zap-demo/main.go:32	sugar test for log rotate...
2020-09-14T17:19:08.594+0800	info	zap-demo/main.go:31	test for log rotate...
2020-09-14T17:19:08.594+0800	info	zap-demo/main.go:32	sugar test for log rotate...
2020-09-14T17:19:08.594+0800	info	zap-demo/main.go:31	test for log rotate...
2020-09-14T17:19:08.594+0800	info	zap-demo/main.go:32	sugar test for log rotate...
2020-09-14T17:19:08.594+0800	info	zap-demo/main.go:31	test for log rotate...
2020-09-14T17:19:08.594+0800	info	zap-demo/main.go:32	sugar test for log rotate...
2020-09-14T17:19:08.594+0800	info	zap-demo/main.go:31	test for log rotate...
2020-09-14T17:19:08.594+0800	info	zap-demo/main.go:32	sugar test for log rotate...
2020-09-14T17:19:08.594+0800	info	zap-demo/main.go:31	test for log rotate...
2020-09-14T17:19:08.594+0800	info	zap-demo/main.go:32	sugar test for log rotate...
2020-09-14T17:19:08.594+0800	info	zap-demo/main.go:31	test for log rotate...
2020-09-14T17:19:08.594+0800	info	zap-demo/main.go:32	sugar test for log rotate...
2020-09-14T17:19:08.594+0800	info	zap-demo/main.go:31	test for log rotate...
2020-09-14T17:19:08.594+0800	info	zap-demo/main.go:32	sugar test for log rotate...
2020-09-14T17:19:08.594+0800	info	zap-demo/main.go:31	test for log rotate...
2020-09-14T17:19:08.594+0800	info	zap-demo/main.go:32	sugar test for log rotate...
2020-09-14T17:19:08.594+0800	info	zap-demo/main.go:31	test for log rotate...
2020-09-14T17:19:08.594+0800	info	zap-demo/main.go:32	sugar test for log rotate...
2020-09-14T17:19:08.594+0800	info	zap-demo/main.go:31	test for log rotate...
2020-09-14T17:19:08.594+0800	info	zap-demo/main.go:32	sugar test for log rotate...
2020-09-14T17:19:08.594+0800	info	zap-demo/main.go:31	test for log rotate...
2020-09-14T17:19:08.594+0800	info	zap-demo/main.go:32	sugar test for log rotate...
2020-09-14T17:19:08.594+0800	info	zap-demo/main.go:31	test for log rotate...
2020-09-14T17:19:08.594+0800	info	zap-demo/main.go:32	sugar test for log rotate...
2020-09-14T17:19:08.594+0800	info	zap-demo/main.go:31	test for log rotate...
2020-09-14T17:19:08.594+0800	info	zap-demo/main.go:32	sugar test for log rotate...
2020-09-14T17:19:08.594+0800	info	zap-demo/main.go:31	test for log rotate...
2020-09-14T17:19:08.594+0800	info	zap-demo/main.go:32	sugar test for log rotate...
2020-09-14T17:19:08.594+0800	info	zap-demo/main.go:31	test for log rotate...
2020-09-14T17:19:08.594+0800	info	zap-demo/main.go:32	sugar test for log rotate...
2020-09-14T17:19:08.594+0800	info	zap-demo/main.go:31	test for log rotate...
2020-09-14T17:19:08.594+0800	info	zap-demo/main.go:32	sugar test for log rotate...
2020-09-14T17:19:08.594+0800	info	zap-demo/main.go:31	test for log rotate...
2020-09-14T17:19:08.594+0800	info	zap-demo/main.go:32	sugar test for log rotate...
2020-09-14T17:19:08.594+0800	info	zap-demo/main.go:31	test for log rotate...
2020-09-14T17:19:08.594+0800	info	zap-demo/main.go:32	sugar test for log rotate...
2020-09-14T17:19:08.594+0800	info	zap-demo/main.go:31	test for log rotate...
2020-09-14T17:19:08.594+0800	info	zap-demo/main.go:32	sugar test for log rotate...
2020-09-14T17:19:08.594+0800	info	zap-demo/main.go:31	test for log rotate...
2020-09-14T17:19:08.594+0800	info	zap-demo/main.go:32	sugar test for log rotate...
2020-09-14T17:19:08.594+0800	info	zap-demo/main.go:31	test for log rotate...
2020-09-14T17:19:08.594+0800	info	zap-demo/main.go:32	sugar test for log rotate...
2020-09-14T17:19:08.594+0800	info	zap-demo/main.go:31	test for log rotate...
2020-09-14T17:19:08.594+0800	info	zap-demo/main.go:32	sugar test for log rotate...
2020-09-14T17:19:08.594+0800	info	zap-demo/main.go:31	test for log rotate...
2020-09-14T17:19:08.594+0800	info	zap-demo/main.go:32	sugar test for log rotate...
2020-09-14T17:19:08.594+0800	info	zap-demo/main.go:31	test for log rotate...
2020-09-14T17:19:08.594+0800	info	zap-demo/main.go:32	sugar test for log rotate...
2020-09-14T17:19:08.594+0800	info	zap-demo/main.go:31	test for log rotate...
2020-09-14T17:19:08.594+0800	info	zap-demo/main.go:32	sugar test for log rotate...
2020-09-14T17:19:08.594+0800	info	zap-demo/main.go:31	test for log rotate...
2020-09-14T17:19:08.594+0800	info	zap-demo/main.go:32	sugar test for log rotate...
2020-09-14T17:19:08.594+0800	info	zap-demo/main.go:31	test for log rotate...
2020-09-14T17:19:08.594+0800	info	zap-demo/main.go:32	sugar test for log rotate...
2020-09-14T17:19:08.594+0800	info	zap-demo/main.go:31	test for log rotate...
2020-09-14T17:19:08.594+0800	info	zap-demo/main.go:32	sugar test for log rotate...
2020-09-14T17:19:08.594+0800	info	zap-demo/main.go:31	test for log rotate...
2020-09-14T17:19:08.594+0800	info	zap-demo/main.go:32	sugar test for log rotate...
2020-09-14T17:19:08.594+0800	info	zap-demo/main.go:31	test for log rotate...
2020-09-14T17:19:08.594+0800	info	zap-demo/main.go:32	sugar test for log rotate...
2020-09-14T17:19:08.594+0800	info	zap-demo/main.go:31	test for log rotate...
2020-09-14T17:19:08.594+0800	info	zap-demo/main.go:32	sugar test for log rotate...
2020-09-14T17:19:08.594+0800	info	zap-demo/main.go:31	test for log rotate...
2020-09-14T17:19:08.594+0800	info	zap-demo/main.go:32	sugar test for log rotate...
2020-09-14T17:19:08.594+0800	info	zap-demo/main.go:31	test for log rotate...
2020-09-14T17:19:08.595+0800	info	zap-demo/main.go:32	sugar test for log rotate...
2020-09-14T17:19:08.595+0800	info	zap-demo/main.go:31	test for log rotate...
2020-09-14T17:19:08.595+0800	info	zap-demo/main.go:32	sugar test for log rotate...
2020-09-14T17:19:08.595+0800	info	zap-demo/main.go:31	test for log rotate...
2020-09-14T17:19:08.595+0800	info	zap-demo/main.go:32	sugar test for log rotate...
2020-09-14T17:19:08.595+0800	info	zap-demo/main.go:31	test for log rotate...
2020-09-14T17:19:08.595+0800	info	zap-demo/main.go:32	sugar test for log rotate...
2020-09-14T17:19:08.595+0800	info	zap-demo/main.go:31	test for log rotate...
2020-09-14T17:19:08.595+0800	info	zap-demo/main.go:32	sugar test for log rotate...
2020-09-14T17:19:08.595+0800	info	zap-demo/main.go:31	test for log rotate...
2020-09-14T17:19:08.595+0800	info	zap-demo/main.go:32	sugar test for log rotate...
2020-09-14T17:19:08.595+0800	info	zap-demo/main.go:31	test for log rotate...
2020-09-14T17:19:08.595+0800	info	zap-demo/main.go:32	sugar test for log rotate...
2020-09-14T17:19:08.595+0800	info	zap-demo/main.go:31	test for log rotate...
2020-09-14T17:19:08.595+0800	info	zap-demo/main.go:32	sugar test for log rotate...
2020-09-14T17:19:08.595+0800	info	zap-demo/main.go:31	test for log rotate...
2020-09-14T17:19:08.595+0800	info	zap-demo/main.go:32	sugar test for log rotate...
2020-09-14T17:19:08.595+0800	info	zap-demo/main.go:31	test for log rotate...
2020-09-14T17:19:08.595+0800	info	zap-demo/main.go:32	sugar test for log rotate...
2020-09-14T17:19:08.595+0800	info	zap-demo/main.go:31	test for log rotate...
2020-09-14T17:19:08.595+0800	info	zap-demo/main.go:32	sugar test for log rotate...
2020-09-14T17:19:08.595+0800	info	zap-demo/main.go:31	test for log rotate...
2020-09-14T17:19:08.595+0800	info	zap-demo/main.go:32	sugar test for log rotate...
2020-09-14T17:19:08.595+0800	info	zap-demo/main.go:31	test for log rotate...
2020-09-14T17:19:08.595+0800	info	zap-demo/main.go:32	sugar test for log rotate...
2020-09-14T17:19:08.595+0800	info	zap-demo/main.go:31	test for log rotate...
2020-09-14T17:19:08.595+0800	info	zap-demo/main.go:32	sugar test for log rotate...
2020-09-14T17:19:08.595+0800	info	zap-demo/main.go:31	test for log rotate...
2020-09-14T17:19:08.595+0800	info	zap-demo/main.go:32	sugar test for log rotate...
2020-09-14T17:19:08.595+0800	info	zap-demo/main.go:31	test for log rotate...
2020-09-14T17:19:08.595+0800	info	zap-demo/main.go:32	sugar test for log rotate...
2020-09-14T17:19:08.595+0800	info	zap-demo/main.go:31	test for log rotate...
2020-09-14T17:19:08.595+0800	info	zap-demo/main.go:32	sugar test for log rotate...
2020-09-14T17:19:08.595+0800	info	zap-demo/main.go:31	test for log rotate...
2020-09-14T17:19:08.595+0800	info	zap-demo/main.go:32	sugar test for log rotate...
2020-09-14T17:19:08.595+0800	info	zap-demo/main.go:31	test for log rotate...
2020-09-14T17:19:08.595+0800	info	zap-demo/main.go:32	sugar test for log rotate...
2020-09-14T17:19:08.595+0800	info	zap-demo/main.go:31	test for log rotate...
2020-09-14T17:19:08.595+0800	info	zap-demo/main.go:32	sugar test for log rotate...
2020-09-14T17:19:08.595+0800	info	zap-demo/main.go:31	test for log rotate...
2020-09-14T17:19:08.595+0800	info	zap-demo/main.go:32	sugar test for log rotate...
2020-09-14T17:19:08.595+0800	info	zap-demo/main.go:31	test for log rotate...
2020-09-14T17:19:08.595+0800	info	zap-demo/main.go:32	sugar test for log rotate...
2020-09-14T17:19:08.595+0800	info	zap-demo/main.go:31	test for log rotate...
2020-09-14T17:19:08.595+0800	info	zap-demo/main.go:32	sugar test for log rotate...
2020-09-14T17:19:08.595+0800	info	zap-demo/main.go:31	test for log rotate...
2020-09-14T17:19:08.595+0800	info	zap-demo/main.go:32	sugar test for log rotate...
2020-09-14T17:19:08.595+0800	info	zap-demo/main.go:31	test for log rotate...
2020-09-14T17:19:08.595+0800	info	zap-demo/main.go:32	sugar test for log rotate...
2020-09-14T17:19:08.595+0800	info	zap-demo/main.go:31	test for log rotate...
2020-09-14T17:19:08.595+0800	info	zap-demo/main.go:32	sugar test for log rotate...
2020-09-14T17:19:08.595+0800	info	zap-demo/main.go:31	test for log rotate...
2020-09-14T17:19:08.595+0800	info	zap-demo/main.go:32	sugar test for log rotate...
2020-09-14T17:19:08.595+0800	info	zap-demo/main.go:31	test for log rotate...
2020-09-14T17:19:08.595+0800	info	zap-demo/main.go:32	sugar test for log rotate...
2020-09-14T17:19:08.595+0800	info	zap-demo/main.go:31	test for log rotate...
2020-09-14T17:19:08.595+0800	info	zap-demo/main.go:32	sugar test for log rotate...
2020-09-14T17:19:08.595+0800	info	zap-demo/main.go:31	test for log rotate...
2020-09-14T17:19:08.595+0800	info	zap-demo/main.go:32	sugar test for log rotate...
2020-09-14T17:19:08.595+0800	info	zap-demo/main.go:31	test for log rotate...
2020-09-14T17:19:08.595+0800	info	zap-demo/main.go:32	sugar test for log rotate...
2020-09-14T17:19:08.595+0800	info	zap-demo/main.go:31	test for log rotate...
2020-09-14T17:19:08.595+0800	info	zap-demo/main.go:32	sugar test for log rotate...
2020-09-14T17:19:08.595+0800	info	zap-demo/main.go:31	test for log rotate...
2020-09-14T17:19:08.595+0800	info	zap-demo/main.go:32	sugar test for log rotate...
2020-09-14T17:19:08.595+0800	info	zap-demo/main.go:31	test for log rotate...
2020-09-14T17:19:08.595+0800	info	zap-demo/main.go:32	sugar test for log rotate...
2020-09-14T17:19:08.595+0800	info	zap-demo/main.go:31	test for log rotate...
2020-09-14T17:19:08.595+0800	info	zap-demo/main.go:32	sugar test for log rotate...
2020-09-14T17:19:08.595+0800	info	zap-demo/main.go:31	test for log rotate...
2020-09-14T17:19:08.595+0800	info	zap-demo/main.go:32	sugar test for log rotate...
2020-09-14T17:19:08.595+0800	info	zap-demo/main.go:31	test for log rotate...
2020-09-14T17:19:08.595+0800	info	zap-demo/main.go:32	sugar test for log rotate...
2020-09-14T17:19:08.595+0800	info	zap-demo/main.go:31	test for log rotate...
2020-09-14T17:19:08.595+0800	info	zap-demo/main.go:32	sugar test for log rotate...
2020-09-14T17:19:08.595+0800	info	zap-demo/main.go:31	test for log rotate...
2020-09-14T17:19:08.595+0800	info	zap-demo/main.go:32	sugar test for log rotate...
2020-09-14T17:19:08.595+0800	info	zap-demo/main.go:31	test for log rotate...
2020-09-14T17:19:08.595+0800	info	zap-demo/main.go:32	sugar test for log rotate...
2020-09-14T17:19:08.595+0800	info	zap-demo/main.go:31	test for log rotate...
2020-09-14T17:19:08.595+0800	info	zap-demo/main.go:32	sugar test for log rotate...
2020-09-14T17:19:08.595+0800	info	zap-demo/main.go:31	test for log rotate...
2020-09-14T17:19:08.595+0800	info	zap-demo/main.go:32	sugar test for log rotate...
2020-09-14T17:19:08.595+0800	info	zap-demo/main.go:31	test for log rotate...
2020-09-14T17:19:08.595+0800	info	zap-demo/main.go:32	sugar test for log rotate...
2020-09-14T17:19:08.595+0800	info	zap-demo/main.go:31	test for log rotate...
2020-09-14T17:19:08.595+0800	info	zap-demo/main.go:32	sugar test for log rotate...
2020-09-14T17:19:08.595+0800	info	zap-demo/main.go:31	test for log rotate...
2020-09-14T17:19:08.595+0800	info	zap-demo/main.go:32	sugar test for log rotate...
2020-09-14T17:19:08.595+0800	info	zap-demo/main.go:31	test for log rotate...
2020-09-14T17:19:08.595+0800	info	zap-demo/main.go:32	sugar test for log rotate...
2020-09-14T17:19:08.595+0800	info	zap-demo/main.go:31	test for log rotate...
2020-09-14T17:19:08.595+0800	info	zap-demo/main.go:32	sugar test for log rotate...
2020-09-14T17:19:08.595+0800	info	zap-demo/main.go:31	test for log rotate...
2020-09-14T17:19:08.595+0800	info	zap-demo/main.go:32	sugar test for log rotate...
2020-09-14T17:19:08.595+0800	info	zap-demo/main.go:31	test for log rotate...
2020-09-14T17:19:08.595+0800	info	zap-demo/main.go:32	sugar test for log rotate...
2020-09-14T17:19:08.595+0800	info	zap-demo/main.go:31	test for log rotate...
2020-09-14T17:19:08.595+0800	info	zap-demo/main.go:32	sugar test for log rotate...
2020-09-14T17:19:08.595+0800	info	zap-demo/main.go:31	test for log rotate...
2020-09-14T17:19:08.595+0800	info	zap-demo/main.go:32	sugar test for log rotate...
2020-09-14T17:19:08.595+0800	info	zap-demo/main.go:31	test for log rotate...
2020-09-14T17:19:08.595+0800	info	zap-demo/main.go:32	sugar test for log rotate...
2020-09-14T17:19:08.595+0800	info	zap-demo/main.go:31	test for log rotate...
2020-09-14T17:19:08.595+0800	info	zap-demo/main.go:32	sugar test for log rotate...
2020-09-14T17:19:08.595+0800	info	zap-demo/main.go:31	test for log rotate...
2020-09-14T17:19:08.595+0800	info	zap-demo/main.go:32	sugar test for log rotate...
2020-09-14T17:19:08.595+0800	info	zap-demo/main.go:31	test for log rotate...
2020-09-14T17:19:08.595+0800	info	zap-demo/main.go:32	sugar test for log rotate...
2020-09-14T17:19:08.595+0800	info	zap-demo/main.go:31	test for log rotate...
2020-09-14T17:19:08.595+0800	info	zap-demo/main.go:32	sugar test for log rotate...
2020-09-14T17:19:08.595+0800	info	zap-demo/main.go:31	test for log rotate...
2020-09-14T17:19:08.595+0800	info	zap-demo/main.go:32	sugar test for log rotate...
2020-09-14T17:19:08.595+0800	info	zap-demo/main.go:31	test for log rotate...
2020-09-14T17:19:08.595+0800	info	zap-demo/main.go:32	sugar test for log rotate...
2020-09-14T17:19:08.595+0800	info	zap-demo/main.go:31	test for log rotate...
2020-09-14T17:19:08.595+0800	info	zap-demo/main.go:32	sugar test for log rotate...
2020-09-14T17:19:08.595+0800	info	zap-demo/main.go:31	test for log rotate...
2020-09-14T17:19:08.595+0800	info	zap-demo/main.go:32	sugar test for log rotate...
2020-09-14T17:19:08.595+0800	info	zap-demo/main.go:31	test for log rotate...
2020-09-14T17:19:08.595+0800	info	zap-demo/main.go:32	sugar test for log rotate...
2020-09-14T17:19:08.595+0800	info	zap-demo/main.go:31	test for log rotate...
2020-09-14T17:19:08.595+0800	info	zap-demo/main.go:32	sugar test for log rotate...
2020-09-14T17:19:08.595+0800	info	zap-demo/main.go:31	test for log rotate...
2020-09-14T17:19:08.595+0800	info	zap-demo/main.go:32	sugar test for log rotate...
2020-09-14T19:33:24.707+0800	info	zap-demo/main.go:50	/hello	{"status": 200, "method": "GET", "path": "/hello", "query": "", "ip": "::1", "user-agent": "Mozilla/5.0 (X11; Linux x86_64) AppleWebKit/537.36 (KHTML, like Gecko) Chrome/85.0.4183.102 Safari/537.36", "errors": "", "cost": 0.000054415}
2020-09-14T19:33:24.759+0800	info	zap-demo/main.go:50	/favicon.ico	{"status": 404, "method": "GET", "path": "/favicon.ico", "query": "", "ip": "::1", "user-agent": "Mozilla/5.0 (X11; Linux x86_64) AppleWebKit/537.36 (KHTML, like Gecko) Chrome/85.0.4183.102 Safari/537.36", "errors": "", "cost": 0.000000719}
2020-09-14T19:33:54.771+0800	info	zap-demo/main.go:50	/hello	{"status": 200, "method": "GET", "path": "/hello", "query": "", "ip": "::1", "user-agent": "Mozilla/5.0 (X11; Linux x86_64) AppleWebKit/537.36 (KHTML, like Gecko) Chrome/85.0.4183.102 Safari/537.36", "errors": "", "cost": 0.000022003}
2020-09-14T19:33:55.981+0800	info	zap-demo/main.go:50	/hello	{"status": 200, "method": "GET", "path": "/hello", "query": "", "ip": "::1", "user-agent": "Mozilla/5.0 (X11; Linux x86_64) AppleWebKit/537.36 (KHTML, like Gecko) Chrome/85.0.4183.102 Safari/537.36", "errors": "", "cost": 0.00001413}
2020-09-14T19:33:56.150+0800	info	zap-demo/main.go:50	/hello	{"status": 200, "method": "GET", "path": "/hello", "query": "", "ip": "::1", "user-agent": "Mozilla/5.0 (X11; Linux x86_64) AppleWebKit/537.36 (KHTML, like Gecko) Chrome/85.0.4183.102 Safari/537.36", "errors": "", "cost": 0.00003541}
2020-09-14T19:33:56.290+0800	info	zap-demo/main.go:50	/hello	{"status": 200, "method": "GET", "path": "/hello", "query": "", "ip": "::1", "user-agent": "Mozilla/5.0 (X11; Linux x86_64) AppleWebKit/537.36 (KHTML, like Gecko) Chrome/85.0.4183.102 Safari/537.36", "errors": "", "cost": 0.000013367}
2020-09-14T19:33:56.437+0800	info	zap-demo/main.go:50	/hello	{"status": 200, "method": "GET", "path": "/hello", "query": "", "ip": "::1", "user-agent": "Mozilla/5.0 (X11; Linux x86_64) AppleWebKit/537.36 (KHTML, like Gecko) Chrome/85.0.4183.102 Safari/537.36", "errors": "", "cost": 0.00001671}
2020-09-14T19:33:56.590+0800	info	zap-demo/main.go:50	/hello	{"status": 200, "method": "GET", "path": "/hello", "query": "", "ip": "::1", "user-agent": "Mozilla/5.0 (X11; Linux x86_64) AppleWebKit/537.36 (KHTML, like Gecko) Chrome/85.0.4183.102 Safari/537.36", "errors": "", "cost": 0.000017261}
2020-09-14T19:33:56.745+0800	info	zap-demo/main.go:50	/hello	{"status": 200, "method": "GET", "path": "/hello", "query": "", "ip": "::1", "user-agent": "Mozilla/5.0 (X11; Linux x86_64) AppleWebKit/537.36 (KHTML, like Gecko) Chrome/85.0.4183.102 Safari/537.36", "errors": "", "cost": 0.000013646}
2020-09-14T19:33:56.886+0800	info	zap-demo/main.go:50	/hello	{"status": 200, "method": "GET", "path": "/hello", "query": "", "ip": "::1", "user-agent": "Mozilla/5.0 (X11; Linux x86_64) AppleWebKit/537.36 (KHTML, like Gecko) Chrome/85.0.4183.102 Safari/537.36", "errors": "", "cost": 0.000014645}
2020-09-14T19:33:57.054+0800	info	zap-demo/main.go:50	/hello	{"status": 200, "method": "GET", "path": "/hello", "query": "", "ip": "::1", "user-agent": "Mozilla/5.0 (X11; Linux x86_64) AppleWebKit/537.36 (KHTML, like Gecko) Chrome/85.0.4183.102 Safari/537.36", "errors": "", "cost": 0.00001555}
2020-09-14T19:33:57.231+0800	info	zap-demo/main.go:50	/hello	{"status": 200, "method": "GET", "path": "/hello", "query": "", "ip": "::1", "user-agent": "Mozilla/5.0 (X11; Linux x86_64) AppleWebKit/537.36 (KHTML, like Gecko) Chrome/85.0.4183.102 Safari/537.36", "errors": "", "cost": 0.000016673}
